peak_can_bmc_acceleration_t.acceleration_x:opendlv.proxy.AccelerationReading.accelerationX
peak_can_bmc_acceleration_t.acceleration_y:opendlv.proxy.AccelerationReading.accelerationY
peak_can_bmc_acceleration_t.acceleration_z:opendlv.proxy.AccelerationReading.accelerationZ
peak_can_bmc_acceleration_t.temperature:opendlv.proxy.TemperatureReading.temperature
peak_can_bmc_acceleration_t.vertical_axis:opendlv.device.gps.peak.Acceleration.verticalAxis
peak_can_bmc_acceleration_t.orientation:opendlv.device.gps.peak.Acceleration.orientation
peak_can_bmc_magnetic_field_t.magnetic_field_x:opendlv.proxy.MagneticFieldReading.magneticFieldX
peak_can_bmc_magnetic_field_t.magnetic_field_y:opendlv.proxy.MagneticFieldReading.magneticFieldY
peak_can_bmc_magnetic_field_t.magnetic_field_z:opendlv.proxy.MagneticFieldReading.magneticFieldZ
peak_can_l3_gd20_rotation_a_t.rotation_x:opendlv.proxy.AngularVelocityReading.angularVelocityX
peak_can_l3_gd20_rotation_a_t.rotation_y:opendlv.proxy.AngularVelocityReading.angularVelocityY
peak_can_l3_gd20_rotation_b_t.rotation_z:opendlv.proxy.AngularVelocityReading.angularVelocityZ
peak_can_gps_status_t.gps_antenna_status:opendlv.device.gps.peak.GPSStatus.antennaStatus
peak_can_gps_status_t.gps_num_satellites:opendlv.device.gps.peak.GPSStatus.numberOfSatellites
peak_can_gps_status_t.gps_navigation_method:opendlv.device.gps.peak.GPSStatus.navigationMethod
peak_can_gps_course_speed_t.gps_course:opendlv.proxy.GeodeticHeadingReading.northHeading
peak_can_gps_course_speed_t.gps_speed:opendlv.proxy.GroundSpeedReading.groundSpeed
peak_can_gps_position_longitude_t.gps_longitude_minutes:opendlv.proxy.GeodeticWgs84Reading.longitude
peak_can_gps_position_longitude_t.gps_longitude_degree:opendlv.proxy.GeodeticWgs84Reading.longitude
peak_can_gps_position_longitude_t.gps_indicator_ew:opendlv.proxy.GeodeticWgs84Reading.longitude
peak_can_gps_position_latitude_t.gps_latitude_minutes:opendlv.proxy.GeodeticWgs84Reading.latitude
peak_can_gps_position_latitude_t.gps_latitude_degree:opendlv.proxy.GeodeticWgs84Reading.latitude
peak_can_gps_position_latitude_t.gps_indicator_ns:opendlv.proxy.GeodeticWgs84Reading.longitude
peak_can_gps_position_altitude_t.gps_altitude:opendlv.proxy.AltitudeReading.altitude
peak_can_gps_delusions_a_t.gps_pdop:opendlv.device.gps.peak.Delusion.GPS_PDOP
peak_can_gps_delusions_a_t.gps_hdop:opendlv.device.gps.peak.Delusion.GPS_HDOP
peak_can_gps_delusions_b_t.gps_vdop:opendlv.device.gps.peak.Delusion.GPS_VDOP
peak_can_gps_date_time_t.utc_year:opendlv.device.gps.peak.UTCDateTime.UTCYear
peak_can_gps_date_time_t.utc_month:opendlv.device.gps.peak.UTCDateTime.UTCMonth
peak_can_gps_date_time_t.utc_day_of_month:opendlv.device.gps.peak.UTCDateTime.UTCDayOfMonth
peak_can_gps_date_time_t.utc_hour:opendlv.device.gps.peak.UTCDateTime.UTCHour
peak_can_gps_date_time_t.utc_minute:opendlv.device.gps.peak.UTCDateTime.UTCMinute
peak_can_gps_date_time_t.utc_second:opendlv.device.gps.peak.UTCDateTime.UTCSecond
peak_can_io_t.din1_status:opendlv.device.gps.peak.IO.din1Status
peak_can_io_t.din2_status:opendlv.device.gps.peak.IO.din2Status
peak_can_io_t.dout_status:opendlv.device.gps.peak.IO.doutStatus
peak_can_io_t.sd_present:opendlv.device.gps.peak.IO.SDPresent
peak_can_io_t.gps_power_status:opendlv.device.gps.peak.IO.GPSPowerStatus
peak_can_io_t.device_id:opendlv.device.gps.peak.IO.deviceID
peak_can_rtc_date_time_t.rtc_sec:opendlv.device.gps.peak.RTCDateTime.RTCSec
peak_can_rtc_date_time_t.rtc_min:opendlv.device.gps.peak.RTCDateTime.RTCMin
peak_can_rtc_date_time_t.rtc_hour:opendlv.device.gps.peak.RTCDateTime.RTCHour
peak_can_rtc_date_time_t.rtc_day_of_week:opendlv.device.gps.peak.RTCDateTime.RTCDayOfWeek
peak_can_rtc_date_time_t.rtc_day_of_month:opendlv.device.gps.peak.RTCDateTime.RTCDayOfMonth
peak_can_rtc_date_time_t.rtc_month:opendlv.device.gps.peak.RTCDateTime.RTCMonth
peak_can_rtc_date_time_t.rtc_year:opendlv.device.gps.peak.RTCDateTime.RTCYear
peak_can_out_io_t.dout_set:
peak_can_out_io_t.gps_set_power:
peak_can_out_power_off_t.device_power_off:
peak_can_out_gyro_t.gyro_set_scale:
peak_can_out_bmc_acc_scale_t.acc_set_scale:
peak_can_out_save_config_t.config_save_to_eeprom:
peak_can_out_rtc_set_time_t.rtc_set_sec:
peak_can_out_rtc_set_time_t.rtc_set_min:
peak_can_out_rtc_set_time_t.rtc_set_hour:
peak_can_out_rtc_set_time_t.rtc_set_day_of_week:
peak_can_out_rtc_set_time_t.rtc_set_day_of_month:
peak_can_out_rtc_set_time_t.rtc_set_month:
peak_can_out_rtc_set_time_t.rtc_set_year:
peak_can_out_rtc_time_from_gps_t.rtc_set_time_from_gps:
peak_can_out_acc_fast_calibration_t.acc_set_calib_target_x:
peak_can_out_acc_fast_calibration_t.acc_set_calib_target_y:
peak_can_out_acc_fast_calibration_t.acc_set_calib_target_z:
peak_can_out_acc_fast_calibration_t.acc_start_fast_calib:
