peak_can_bmc_acceleration_t.acceleration_x:opendlv.proxy.AccelerationReading.accelerationX
peak_can_bmc_acceleration_t.acceleration_y:opendlv.proxy.AccelerationReading.accelerationY
peak_can_bmc_acceleration_t.acceleration_z:opendlv.proxy.AccelerationReading.accelerationZ
peak_can_bmc_acceleration_t.temperature:opendlv.proxy.TemperatureReading.temperature
peak_can_bmc_acceleration_t.vertical_axis:
peak_can_bmc_acceleration_t.orientation:
peak_can_bmc_magnetic_field_t.magnetic_field_x:opendlv.proxy.MagneticFieldReading.magneticFieldX
peak_can_bmc_magnetic_field_t.magnetic_field_y:opendlv.proxy.MagneticFieldReading.magneticFieldY
peak_can_bmc_magnetic_field_t.magnetic_field_z:opendlv.proxy.MagneticFieldReading.magneticFieldZ
peak_can_l3_gd20_rotation_a_t.rotation_x:opendlv.proxy.AngularVelocityReading.angularVelocityX
peak_can_l3_gd20_rotation_a_t.rotation_y:opendlv.proxy.AngularVelocityReading.angularVelocityY
peak_can_l3_gd20_rotation_b_t.rotation_z:opendlv.proxy.AngularVelocityReading.angularVelocityZ
peak_can_gps_status_t.gps_antenna_status:
peak_can_gps_status_t.gps_num_satellites:
peak_can_gps_status_t.gps_navigation_method:
peak_can_gps_course_speed_t.gps_course:opendlv.proxy.GeodeticHeadingReading.northHeading
peak_can_gps_course_speed_t.gps_speed:opendlv.proxy.GroundSpeedReading.groundSpeed
peak_can_gps_position_longitude_t.gps_longitude_minutes:
peak_can_gps_position_longitude_t.gps_longitude_degree:
peak_can_gps_position_longitude_t.gps_indicator_ew:
peak_can_gps_position_latitude_t.gps_latitude_minutes:
peak_can_gps_position_latitude_t.gps_latitude_degree:
peak_can_gps_position_latitude_t.gps_indicator_ns:
peak_can_gps_position_altitude_t.gps_altitude:
peak_can_gps_delusions_a_t.gps_pdop:
peak_can_gps_delusions_a_t.gps_hdop:
peak_can_gps_delusions_b_t.gps_vdop:
peak_can_gps_date_time_t.utc_year:
peak_can_gps_date_time_t.utc_month:
peak_can_gps_date_time_t.utc_day_of_month:
peak_can_gps_date_time_t.utc_hour:
peak_can_gps_date_time_t.utc_minute:
peak_can_gps_date_time_t.utc_second:
peak_can_io_t.din1_status:
peak_can_io_t.din2_status:
peak_can_io_t.dout_status:
peak_can_io_t.sd_present:
peak_can_io_t.gps_power_status:
peak_can_io_t.device_id:
peak_can_rtc_date_time_t.rtc_sec:
peak_can_rtc_date_time_t.rtc_min:
peak_can_rtc_date_time_t.rtc_hour:
peak_can_rtc_date_time_t.rtc_day_of_week:
peak_can_rtc_date_time_t.rtc_day_of_month:
peak_can_rtc_date_time_t.rtc_month:
peak_can_rtc_date_time_t.rtc_year:
peak_can_out_io_t.dout_set:
peak_can_out_io_t.gps_set_power:
peak_can_out_power_off_t.device_power_off:
peak_can_out_gyro_t.gyro_set_scale:
peak_can_out_bmc_acc_scale_t.acc_set_scale:
peak_can_out_save_config_t.config_save_to_eeprom:
peak_can_out_rtc_set_time_t.rtc_set_sec:
peak_can_out_rtc_set_time_t.rtc_set_min:
peak_can_out_rtc_set_time_t.rtc_set_hour:
peak_can_out_rtc_set_time_t.rtc_set_day_of_week:
peak_can_out_rtc_set_time_t.rtc_set_day_of_month:
peak_can_out_rtc_set_time_t.rtc_set_month:
peak_can_out_rtc_set_time_t.rtc_set_year:
peak_can_out_rtc_time_from_gps_t.rtc_set_time_from_gps:
peak_can_out_acc_fast_calibration_t.acc_set_calib_target_x:
peak_can_out_acc_fast_calibration_t.acc_set_calib_target_y:
peak_can_out_acc_fast_calibration_t.acc_set_calib_target_z:
peak_can_out_acc_fast_calibration_t.acc_start_fast_calib:
